***** External Functions *****
1    AddFontRegistrationToLog                           isrt.obl(Misc.obs)
2    AppSearch                                          isrt.obl(Driver.obs)
3    CCPSearch                                          isrt.obl(Driver.obs)
4    ChangeDirectory                                    isrt.obl(Files.obs)
5    CloseFile                                          isrt.obl(Files.obs)
6    CmdGetHwndDlg                                      isrt.obl(CustomDialog.obs)
7    ComponentAddFileToLog                              isrt.obl(component.obs)
8    ComponentCompareSizeRequired                       isrt.obl(component.obs)
9    ComponentGetData                                   isrt.obl(component.obs)
10   ComponentGetTotalCost                              isrt.obl(component.obs)
11   ComponentIsItemSelected                            isrt.obl(component.obs)
12   ComponentListItems                                 isrt.obl(component.obs)
13   ComponentSelectItem                                isrt.obl(component.obs)
14   ComponentTreeInit                                  isrt.obl(Dialogs.obs)
15   CreateDir                                          isrt.obl(Files.obs)
16   CreateFile                                         isrt.obl(Files.obs)
17   CreateInstallationInfo                             isrt.obl(Registry.obs)
18   CreateRegistrySet                                  isrt.obl(Feature.obs)
19   CtrlGetDlgItem                                     isrt.obl(CustomDialog.obs)
20   CtrlGetNotificationCode                            isrt.obl(CustomDialog.obs)
21   CtrlGetState                                       isrt.obl(CustomDialog.obs)
22   CtrlGetSubCommand                                  isrt.obl(CustomDialog.obs)
23   CtrlGetText                                        isrt.obl(CustomDialog.obs)
24   CtrlSelectText                                     isrt.obl(CustomDialog.obs)
25   CtrlSetMLEText                                     isrt.obl(CustomDialog.obs)
26   CtrlSetState                                       isrt.obl(CustomDialog.obs)
27   CtrlSetText                                        isrt.obl(CustomDialog.obs)
28   DIFxDriverPackageUninstall                         isrt.obl(ISDIFx.obs)
29   DRMINSTALLERPRO.DRMInstallPRO                      isrt.obl(Activation.obs)
30   DRMINSTALLERPRO.DRMUnInstallPRO                    isrt.obl(Activation.obs)
31   DefineDialog                                       isrt.obl(CustomDialog.obs)
32   Delay                                              isrt.obl(Misc.obs)
33   DeleteDir                                          isrt.obl(Files.obs)
34   DeleteFile                                         isrt.obl(Files.obs)
35   DeleteSingleFile                                   isrt.obl(Files.obs)
36   DialogSetDefaultFont                               isrt.obl(Dialogs.obs)
37   DialogSetFont                                      isrt.obl(Dialogs.obs)
38   DialogSetInfo                                      isrt.obl(Dialogs.obs)
39   Disable                                            isrt.obl(Enable.obs)
40   DllSizeOf                                          isrt.obl(Str.obs)
41   Do                                                 isrt.obl(Misc.obs)
42   Enable                                             isrt.obl(Enable.obs)
43   EndCurrentDialog                                   isrt.obl(Dialogs.obs)
44   EndDialog                                          isrt.obl(CustomDialog.obs)
45   EnterDisk                                          isrt.obl(ISRTScriptDialogs.obs)
46   EnterDiskError                                     isrt.obl(ISRTScriptDialogs.obs)
47   EnterPassword                                      isrt.obl(ISRTScriptDialogs.obs)
48   ExistsDir                                          isrt.obl(Files.obs)
49   ExistsDisk                                         isrt.obl(Files.obs)
50   ExitInstall                                        isrt.obl(Driver.obs)
51   EzDefineDialog                                     isrt.obl(CustomDialog.obs)
52   FeatureAddFileToLog                                isrt.obl(Feature.obs)
53   FeatureCompareSizeRequired                         isrt.obl(Feature.obs)
54   FeatureErrorInfo                                   isrt.obl(Feature.obs)
55   FeatureFilterLanguage                              isrt.obl(Feature.obs)
56   FeatureFilterOS                                    isrt.obl(Feature.obs)
57   FeatureGetData                                     isrt.obl(Feature.obs)
58   FeatureGetTotalCost                                isrt.obl(Feature.obs)
59   FeatureIsItemSelected                              isrt.obl(Feature.obs)
60   FeatureListItems                                   isrt.obl(Feature.obs)
61   FeaturePatch                                       isrt.obl(Feature.obs)
62   FeatureReinstall                                   isrt.obl(Feature.obs)
63   FeatureRemoveAllInLogOnly                          isrt.obl(Feature.obs)
64   FeatureRemoveAllInMedia                            isrt.obl(Feature.obs)
65   FeatureRemoveAllInMediaAndLog                      isrt.obl(Feature.obs)
66   FeatureSaveTarget                                  isrt.obl(Feature.obs)
67   FeatureSelectItem                                  isrt.obl(Feature.obs)
68   FeatureSelectNew                                   isrt.obl(Feature.obs)
69   FeatureSetupTypeSet                                isrt.obl(Feature.obs)
70   FeatureStandardSetupTypeSet                        isrt.obl(Feature.obs)
71   FeatureTransferData                                isrt.obl(Feature.obs)
72   FeatureUpdate                                      isrt.obl(Feature.obs)
73   FeatureValidate                                    isrt.obl(Feature.obs)
74   FinalConstruct                                     ifx.obl(EventsPriv.obs)
75   FinalRelease                                       ifx.obl(EventsPriv.obs)
76   FindAllDirs                                        isrt.obl(Files.obs)
77   FindFile                                           isrt.obl(Files.obs)
78   FormatMessage                                      isrt.obl(Misc.obs)
79   GDI32.AddFontResource                              Setup.obs
80   GDI32.CreateRectRgn                                Setup.obs
81   GDI32.GetDeviceCaps                                Setup.obs
82   GDI32.RemoveFontResource                           Setup.obs
83   GetAddRemove                                       isrt.obl(SysVars.obs)
84   GetBillboard                                       isrt.obl(SysVars.obs)
85   GetCurrentDialogName                               isrt.obl(Dialogs.obs)
86   GetCurrentDir                                      isrt.obl(Files.obs)
87   GetDialogTitle                                     isrt.obl(Dialogs.obs)
88   GetDir                                             isrt.obl(Str.obs)
89   GetDisk                                            isrt.obl(Str.obs)
90   GetDiskSpace                                       isrt.obl(GSI.obs)
91   GetDiskSpaceEx                                     isrt.obl(GSI.obs)
92   GetEnabledIServices                                isrt.obl(SysVars.obs)
93   GetErrorMsg                                        isrt.obl(Dialogs.obs)
94   GetErrorTitle                                      isrt.obl(Dialogs.obs)
95   GetExtents                                         isrt.obl(GSI.obs)
96   GetFolderApplications                              isrt.obl(SysVars.obs)
97   GetFolderApplications64                            isrt.obl(SysVars.obs)
98   GetFolderDotNet10                                  isrt.obl(SysVars.obs)
99   GetFolderDotNet11                                  isrt.obl(SysVars.obs)
100  GetFolderDotNet20                                  isrt.obl(SysVars.obs)
101  GetFolderFonts                                     isrt.obl(SysVars.obs)
102  GetISRes                                           isrt.obl(SysVars.obs)
103  GetInstallScriptMSI                                isrt.obl(SysVars.obs)
104  GetInstanceGUID                                    isrt.obl(SysVars.obs)
105  GetKeyPathWinCurrVerAuto                           isrt.obl(SysVars.obs)
106  GetLog                                             isrt.obl(SysVars.obs)
107  GetLogEx                                           isrt.obl(SysVars.obs)
108  GetMaintOption                                     isrt.obl(SysVars.obs)
109  GetMaintenance                                     isrt.obl(SysVars.obs)
110  GetMultiInstanceCount                              isrt.obl(SysVars.obs)
111  GetOpenFileMode                                    isrt.obl(Files.obs)
112  GetPackageLocation                                 isrt.obl(SysVars.obs)
113  GetProductGUID                                     isrt.obl(SysVars.obs)
114  GetProfSectionKeyCount                             isrt.obl(Profile.obs)
115  GetProfString                                      isrt.obl(Profile.obs)
116  GetProfStringList                                  isrt.obl(Profile.obs)
117  GetProgramFiles                                    isrt.obl(SysVars.obs)
118  GetReinstallMode                                   isrt.obl(SysVars.obs)
119  GetRemoveAllMode                                   isrt.obl(SysVars.obs)
120  GetRemoveOnly                                      isrt.obl(SysVars.obs)
121  GetSelectedTreeComponent                           isrt.obl(CmptView.obs)
122  GetShowPasswordDialog                              isrt.obl(SysVars.obs)
123  GetStandardSelectedLanguage                        isrt.obl(SysVars.obs)
124  GetSupportDir                                      isrt.obl(SysVars.obs)
125  GetSystemInfo                                      isrt.obl(GSI.obs)
126  GetTempFolder                                      isrt.obl(SysVars.obs)
127  GetTrueTypeFontFileInfo                            isrt.obl(Misc.obs)
128  GetUserSelectableAuto                              isrt.obl(SysVars.obs)
129  GetWinDir                                          isrt.obl(SysVars.obs)
130  GetWinSysDir                                       isrt.obl(SysVars.obs)
131  GetWindowHandle                                    isrt.obl(Misc.obs)
132  HIWORD                                             isrt.obl(Misc.obs)
133  ISDeterminePlatform                                isrt.obl(OsInfo.obs)
134  ISMIF32.InstallStatusMIF                           isrt.obl(MIF.obs)
135  ISRT.ComponentViewSetInfoEx                        isrt.obl(Dialogs.obs)
136  ISRT.EnableHourGlass                               isrt.obl(Enable.obs)
137  ISRT.GetCPUType                                    isrt.obl(GSI.obs)
138  ISRT.GetFontSub                                    isrt.obl(Dialogs.obs)
139  ISRT.GetHandle                                     Setup.obs
140  ISRT.GetPorts                                      isrt.obl(GSI.obs)
141  ISRT.IsEmpty                                       Setup.obs
142  ISRT.IsNTAdmin                                     isrt.obl(Is.obs)
143  ISRT.IsObject                                      Setup.obs
144  ISRT.IsPowerUser                                   isrt.obl(Is.obs)
145  ISRT.LangLoadString                                isrt.obl(SDINT.obs)
146  ISRT.MessageBeepP                                  Setup.obs
147  ISRT.PathCompactPathPixel                          isrt.obl(CustomDialog.obs)
148  ISRT.PathGetDir                                    isrt.obl(Str.obs)
149  ISRT.PathGetDrive                                  isrt.obl(Str.obs)
150  ISRT.PathGetFile                                   isrt.obl(Files.obs)
151  ISRT.PathGetFileExt                                isrt.obl(Str.obs)
152  ISRT.PathGetFileName                               isrt.obl(Str.obs)
153  ISRT.PathGetLongFromShort                          isrt.obl(Str.obs)
154  ISRT.PathGetPath                                   isrt.obl(Str.obs)
155  ISRT.PathIsValidSyntax                             isrt.obl(Is.obs)
156  ISRT.VerGetFileVersion                             Setup.obs
157  ISRT._AppSearch                                    Setup.obs
158  ISRT._BrowseForFolder                              isrt.obl(ISRTScriptDialogsPriv.obs)
159  ISRT._CCPSearch                                    Setup.obs
160  ISRT._CleanupInet                                  isrt.obl(MIO.obs)
161  ISRT._CloseFile                                    isrt.obl(Files.obs)
162  ISRT._CmdGetHwndDlg                                isrt.obl(CustomDialog.obs)
163  ISRT._CompareDWORD                                 isrt.obl(Extend.obs)
164  ISRT._ComponentCompareSizeRequired                 isrt.obl(Feature.obs)
165  ISRT._ComponentErrorInfo                           isrt.obl(Feature.obs)
166  ISRT._ComponentFilterLanguage                      isrt.obl(Feature.obs)
167  ISRT._ComponentFilterOS                            isrt.obl(Feature.obs)
168  ISRT._ComponentGetData                             isrt.obl(Feature.obs)
169  ISRT._ComponentGetTotalCost                        isrt.obl(Feature.obs)
170  ISRT._ComponentGetTotalCostEx                      Setup.obs
171  ISRT._ComponentIsItemSelected                      isrt.obl(Feature.obs)
172  ISRT._ComponentListItems                           isrt.obl(Feature.obs)
173  ISRT._ComponentPatch                               isrt.obl(Feature.obs)
174  ISRT._ComponentReinstall                           isrt.obl(Feature.obs)
175  ISRT._ComponentRemoveAll                           isrt.obl(Feature.obs)
176  ISRT._ComponentRemoveAllInLogOnly                  isrt.obl(Feature.obs)
177  ISRT._ComponentSaveTarget                          isrt.obl(Feature.obs)
178  ISRT._ComponentSelectItem                          isrt.obl(Feature.obs)
179  ISRT._ComponentSelectNew                           isrt.obl(Feature.obs)
180  ISRT._ComponentSetupTypeSet                        isrt.obl(Feature.obs)
181  ISRT._ComponentTransferData                        isrt.obl(Feature.obs)
182  ISRT._ComponentUpdate                              isrt.obl(Feature.obs)
183  ISRT._ComponentValidate                            isrt.obl(Feature.obs)
184  ISRT._CreateDir                                    isrt.obl(Files.obs)
185  ISRT._CreateRegistrySet                            isrt.obl(Feature.obs)
186  ISRT._CtrlGetNotificationCode                      isrt.obl(CustomDialog.obs)
187  ISRT._CtrlGetSubCommand                            isrt.obl(CustomDialog.obs)
188  ISRT._CtrlSetHtmlContent                           isrt.obl(CustomDialog.obs)
189  ISRT._CtrlSetMLERichText                           isrt.obl(CustomDialog.obs)
190  ISRT._DIFxDriverPackageUninstall                   isrt.obl(ISDIFx.obs)
191  ISRT._DefineDialog                                 isrt.obl(CustomDialog.obs)
192  ISRT._DialogSetFont                                isrt.obl(Dialogs.obs)
193  ISRT._DisableStatus                                isrt.obl(Enable.obs)
194  ISRT._DoSprintf                                    isrt.obl(ISRTScriptDialogsPriv.obs)
195  ISRT._EnableDialogCache                            isrt.obl(Enable.obs)
196  ISRT._EnablePrevDialog                             Setup.obs
197  ISRT._EnableSkins                                  isrt.obl(Enable.obs)
198  ISRT._EnableStatus                                 isrt.obl(Enable.obs)
199  ISRT._EnableWow64FsRedirection                     isrt.obl(Enable.obs)
200  ISRT._EndDialog                                    isrt.obl(CustomDialog.obs)
201  ISRT._ExistsDir                                    isrt.obl(Files.obs)
202  ISRT._ExistsDisk                                   isrt.obl(Files.obs)
203  ISRT._ExistsFile                                   isrt.obl(Files.obs)
204  ISRT._ExitInstall                                  Setup.obs
205  ISRT._GetCurrentDialogName                         isrt.obl(Dialogs.obs)
206  ISRT._GetDiskSpaceEx                               isrt.obl(GSI.obs)
207  ISRT._GetDiskSpaceExEx                             Setup.obs
208  ISRT._GetGlobalMemorySize                          isrt.obl(GSI.obs)
209  ISRT._GetProcessorInfo                             isrt.obl(OsInfo.obs)
210  ISRT._GetRunningChildProcessEx2                    isrt.obl(Extend.obs)
211  ISRT._GetSelectedTreeComponent                     isrt.obl(CmptView.obs)
212  ISRT._GetStandardLangId                            isrt.obl(Misc.obs)
213  ISRT._GetSupportDir                                isrt.obl(SysVars.obs)
214  ISRT._GetTrueTypeFontFileInfo                      isrt.obl(Misc.obs)
215  ISRT._GetVirtualMachineType                        isrt.obl(GSI.obs)
216  ISRT._InetEndofTransfer                            isrt.obl(iftw.obs)
217  ISRT._InetGetNextDisk                              isrt.obl(iftw.obs)
218  ISRT._InitInstall                                  Setup.obs
219  ISRT._IsFontTypefaceNameAvailable                  isrt.obl(Is.obs)
220  ISRT._IsInAdminGroup                               isrt.obl(Is.obs)
221  ISRT._IsLangSupported                              isrt.obl(Is.obs)
222  ISRT._IsSkinLoaded                                 isrt.obl(Is.obs)
223  ISRT._IsVirtualMachine                             isrt.obl(OsInfo.obs)
224  ISRT._IsWindowsME                                  isrt.obl(GSI.obs)
225  ISRT._IsWow64                                      isrt.obl(OsInfo.obs)
226  ISRT._ListAddItem                                  isrt.obl(scrlist.obs)
227  ISRT._ListAddString                                isrt.obl(scrlist.obs)
228  ISRT._ListCount                                    isrt.obl(scrlist.obs)
229  ISRT._ListCreate                                   isrt.obl(scrlist.obs)
230  ISRT._ListCurrentString                            isrt.obl(scrlist.obs)
231  ISRT._ListDeleteItem                               isrt.obl(scrlist.obs)
232  ISRT._ListDeleteString                             isrt.obl(scrlist.obs)
233  ISRT._ListDestroy                                  isrt.obl(scrlist.obs)
234  ISRT._ListFindString                               isrt.obl(scrlist.obs)
235  ISRT._ListGetFirstItem                             isrt.obl(scrlist.obs)
236  ISRT._ListGetFirstString                           isrt.obl(scrlist.obs)
237  ISRT._ListGetNextItem                              isrt.obl(scrlist.obs)
238  ISRT._ListGetNextString                            isrt.obl(scrlist.obs)
239  ISRT._ListGetType                                  isrt.obl(scrlist.obs)
240  ISRT._ListReadFromFile                             isrt.obl(scrlist.obs)
241  ISRT._ListSetIndex                                 isrt.obl(scrlist.obs)
242  ISRT._MediaGetFilteringInfo                        isrt.obl(Feature.obs)
243  ISRT._MediaGetInfo                                 isrt.obl(Feature.obs)
244  ISRT._OnUninstPriv                                 Setup.obs
245  ISRT._OpenFile                                     isrt.obl(Files.obs)
246  ISRT._Preprogram                                   Setup.obs
247  ISRT._PrintFile                                    isrt.obl(Files.obs)
248  ISRT._Rebooted                                     Setup.obs
249  ISRT._RegCreateKey                                 isrt.obl(Registry.obs)
250  ISRT._RegDeleteValue                               isrt.obl(Registry.obs)
251  ISRT._RegEnableTextSubs                            isrt.obl(Enable.obs)
252  ISRT._RegEnum                                      isrt.obl(Registry.obs)
253  ISRT._RegGetOptions                                isrt.obl(SysVars.obs)
254  ISRT._RegIsRemoteRegConnected                      isrt.obl(Is.obs)
255  ISRT._RegQueryKeyBinaryValue                       isrt.obl(Registry.obs)
256  ISRT._RegQueryKeyValue                             isrt.obl(Registry.obs)
257  ISRT._RegSetKeyBinaryValue                         isrt.obl(Registry.obs)
258  ISRT._RegSetKeyValue                               isrt.obl(Registry.obs)
259  ISRT._RegSetOptions                                isrt.obl(SysVars.obs)
260  ISRT._ReleaseDialog                                isrt.obl(CustomDialog.obs)
261  ISRT._SdShowMsg                                    isrt.obl(ISRTScriptDialogsPriv.obs)
262  ISRT._SetAltMainImage                              isrt.obl(Dialogs.obs)
263  ISRT._SetDisplayEffect                             isrt.obl(ui.obs)
264  ISRT._SetPaletteFile                               isrt.obl(MIO.obs)
265  ISRT._SetSilentSdShowMsg                           isrt.obl(Enable.obs)
266  ISRT._SetTitle                                     isrt.obl(ui.obs)
267  ISRT._SetupInet                                    isrt.obl(MIO.obs)
268  ISRT._SetupTraceWrite                              isrt.obl(Misc.obs)
269  ISRT._ShowObjWizardPages                           isrt.obl(Objects.obs)
270  ISRT._ShowWizardPages                              Setup.obs
271  ISRT._StatusUpdate                                 isrt.obl(ui.obs)
272  ISRT._TreeViewCreate                               isrt.obl(CmptView.obs)
273  ISRT._WaitOnDialog                                 isrt.obl(CustomDialog.obs)
274  ISRT._WriteLine                                    isrt.obl(Files.obs)
275  ISRT.__CreateObjectContext                         isrt.obl(ISRTInit.obs)
276  ISRT.__GetCmdLineOptions                           isrt.obl(ISRTInit.obs)
277  ISRT.__GetContextGUID                              isrt.obl(ISRTInit.obs)
278  ISRT.__GetEnabledIServices                         isrt.obl(SysVars.obs)
279  ISRT.__GetFileRegistrar                            isrt.obl(ISRTInit.obs)
280  ISRT.__GetInfo                                     isrt.obl(ISRTInit.obs)
281  ISRT.__GetInstallGuid                              isrt.obl(SysVars.obs)
282  ISRT.__GetLog                                      isrt.obl(SysVars.obs)
283  ISRT.__GetLogDB                                    isrt.obl(ISRTInit.obs)
284  ISRT.__GetLogEx                                    isrt.obl(SysVars.obs)
285  ISRT.__GetMainWindow                               Setup.obs
286  ISRT.__GetMaintOption                              isrt.obl(SysVars.obs)
287  ISRT.__GetMaintenanceMode                          isrt.obl(SysVars.obs)
288  ISRT.__GetObjects                                  isrt.obl(ISRTInit.obs)
289  ISRT.__GetProductGuid                              isrt.obl(SysVars.obs)
290  ISRT.__GetProgress                                 Setup.obs
291  ISRT.__GetReboot                                   isrt.obl(ISRTInit.obs)
292  ISRT.__GetReinstallMode                            isrt.obl(SysVars.obs)
293  ISRT.__GetRemoveAllMode                            isrt.obl(SysVars.obs)
294  ISRT.__GetTextSub                                  isrt.obl(ISRTInit.obs)
295  ISRT.__GetUpdateMode                               isrt.obl(SysVars.obs)
296  ISRT.__GetUser                                     isrt.obl(MIO.obs)
297  ISRT.__ISRTGetPropertyBag                          ifx.obl(PersistPropertyBag.obs)
298  ISRT.__ISRTReleasePropertyBag                      ifx.obl(PersistPropertyBag.obs)
299  ISRT.__LoadString                                  isrt.obl(LoadStr.obs)
300  ISRT.__PutEnabledIServices                         isrt.obl(Enable.obs)
301  ISRT.__ReleaseObjectContext                        isrt.obl(ISRTInit.obs)
302  ISRT.__RestoreMainLog                              isrt.obl(ISRTInit.obs)
303  ISRT.__RestoreMainLogEx                            isrt.obl(ISRTInit.obs)
304  ISRT.__SetComponentLog                             isrt.obl(ISRTInit.obs)
305  ISRT.__SetUpdateMode                               isrt.obl(SysVars.obs)
306  ISRTHandleScriptException                          isrt.obl(Misc.obs)
307  ISRTOnUninstPriv                                   isrt.obl(Driver.obs)
308  ISRTPreprogram                                     isrt.obl(Driver.obs)
309  IfxFilterComponents                                ifx.obl(EventsSetupPriv.obs)
310  IfxFinalConstruct                                  ifx.obl(EventsSetupPriv.obs)
311  IfxFinalRelease                                    ifx.obl(EventsSetupPriv.obs)
312  IfxInitProperties                                  ifx.obl(PersistPropertyBag.obs)
313  IfxOnAbortInstall                                  ifx.obl(EventsPriv.obs)
314  IfxOnAppSearch                                     ifx.obl(EventsPriv.obs)
315  IfxOnCCPSearch                                     ifx.obl(EventsPriv.obs)
316  IfxOnCanceling                                     ifx.obl(EventsPriv.obs)
317  IfxOnDisk1Installed                                ifx.obl(EventsSetupPriv.obs)
318  IfxOnDisk1Installing                               ifx.obl(EventsSetupPriv.obs)
319  IfxOnExitInstall                                   ifx.obl(EventsSetupPriv.obs)
320  IfxOnFileError                                     ifx.obl(EventsSetupPriv.obs)
321  IfxOnFileLocked                                    ifx.obl(EventsSetupPriv.obs)
322  IfxOnFileReadOnly                                  ifx.obl(EventsSetupPriv.obs)
323  IfxOnGeneralScriptOp                               ifx.obl(EventsPriv.obs)
324  IfxOnHelp                                          ifx.obl(EventsPriv.obs)
325  IfxOnInitInstall                                   ifx.obl(EventsSetupPriv.obs)
326  IfxOnInternetError                                 ifx.obl(EventsSetupPriv.obs)
327  IfxOnMD5Error                                      ifx.obl(EventsSetupPriv.obs)
328  IfxOnNextDisk                                      ifx.obl(EventsSetupPriv.obs)
329  IfxOnRebooted                                      ifx.obl(EventsPriv.obs)
330  IfxOnRemovingSharedFile                            ifx.obl(EventsSetupPriv.obs)
331  IfxOnShowWizardPages                               ifx.obl(EventsSetupPriv.obs)
332  IfxOnTransferred                                   ifx.obl(EventsPriv.obs)
333  IfxOnTransferring                                  ifx.obl(EventsSetupPriv.obs)
334  IfxOnUnhandledException                            ifx.obl(EventsPriv.obs)
335  IfxOnUninst                                        ifx.obl(EventsSetupPriv.obs)
336  IfxOnUninstPriv                                    ifx.obl(EventsSetupPriv.obs)
337  IfxPostprogram                                     ifx.obl(EventsSetupPriv.obs)
338  IfxPreprogram                                      ifx.obl(EventsSetupPriv.obs)
339  IfxReadProperties                                  ifx.obl(PersistPropertyBag.obs)
340  IfxRunAfterReboot                                  ifx.obl(EventsSetupPriv.obs)
341  IfxWriteProperties                                 ifx.obl(PersistPropertyBag.obs)
342  InetEndofTransfer                                  isrt.obl(iftw.obs)
343  InetNextDisk                                       isrt.obl(iftw.obs)
344  InitInstall                                        isrt.obl(Driver.obs)
345  InitProperties                                     ifx.obl(PersistPropertyBag.obs)
346  Is                                                 isrt.obl(Is.obs)
347  IsInetInstall                                      isrt.obl(iftw.obs)
348  KERNEL.GetModuleHandle                             Setup.obs
349  KERNEL32.CloseHandle                               Setup.obs
350  KERNEL32.CreateFileA                               Setup.obs
351  KERNEL32.CreateProcess                             Setup.obs
352  KERNEL32.DeleteFileA                               Setup.obs
353  KERNEL32.FindClose                                 Setup.obs
354  KERNEL32.FindFirstFileA                            Setup.obs
355  KERNEL32.FindNextFileA                             Setup.obs
356  KERNEL32.FormatMessageA                            Setup.obs
357  KERNEL32.FreeLibrary                               Setup.obs
358  KERNEL32.GetCurrentDirectoryA                      Setup.obs
359  KERNEL32.GetDriveType                              Setup.obs
360  KERNEL32.GetExitCodeProcess                        Setup.obs
361  KERNEL32.GetFileAttributesA                        Setup.obs
362  KERNEL32.GetLocalTime                              Setup.obs
363  KERNEL32.GetLocaleInfo                             Setup.obs
364  KERNEL32.GetPrivateProfileSectionA                 Setup.obs
365  KERNEL32.GetPrivateProfileString                   Setup.obs
366  KERNEL32.GetPrivateProfileStringA                  Setup.obs
367  KERNEL32.GetProcAddress                            Setup.obs
368  KERNEL32.GetProcessId                              Setup.obs
369  KERNEL32.GetProfileStringA                         Setup.obs
370  KERNEL32.GetSystemDefaultLCID                      Setup.obs
371  KERNEL32.GetSystemDefaultLangID                    Setup.obs
372  KERNEL32.GetSystemDefaultUILanguage                Setup.obs
373  KERNEL32.GetTickCount                              Setup.obs
374  KERNEL32.GetUserDefaultLangID                      Setup.obs
375  KERNEL32.GetVersion                                Setup.obs
376  KERNEL32.GetVersionEx                              Setup.obs
377  KERNEL32.GetVolumeInformation                      Setup.obs
378  KERNEL32.GetWindowsDirectory                       Setup.obs
379  KERNEL32.LoadLibraryA                              Setup.obs
380  KERNEL32.RemoveDirectoryA                          Setup.obs
381  KERNEL32.SetCurrentDirectoryA                      Setup.obs
382  KERNEL32.SetFileAttributesA                        Setup.obs
383  KERNEL32.Sleep                                     Setup.obs
384  KERNEL32.WritePrivateProfileString                 Setup.obs
385  KERNEL32.WritePrivateProfileStringA                Setup.obs
386  KERNEL32.WriteProfileStringA                       Setup.obs
387  KERNEL32.lstrlen                                   Setup.obs
388  LOWORD                                             isrt.obl(Misc.obs)
389  LaunchAppAndWait                                   isrt.obl(Extend.obs)
390  LaunchAppAndWaitInitStartupInfo                    isrt.obl(Extend.obs)
391  LaunchApplication                                  isrt.obl(Extend.obs)
392  LaunchApplicationInit                              isrt.obl(Extend.obs)
393  ListAddItem                                        isrt.obl(scrlist.obs)
394  ListAddString                                      isrt.obl(scrlist.obs)
395  ListCount                                          isrt.obl(scrlist.obs)
396  ListCreate                                         isrt.obl(scrlist.obs)
397  ListCurrentString                                  isrt.obl(scrlist.obs)
398  ListDeleteItem                                     isrt.obl(scrlist.obs)
399  ListDeleteString                                   isrt.obl(scrlist.obs)
400  ListDestroy                                        isrt.obl(scrlist.obs)
401  ListFindString                                     isrt.obl(scrlist.obs)
402  ListGetFirstItem                                   isrt.obl(scrlist.obs)
403  ListGetFirstString                                 isrt.obl(scrlist.obs)
404  ListGetNextItem                                    isrt.obl(scrlist.obs)
405  ListGetNextString                                  isrt.obl(scrlist.obs)
406  ListGetType                                        isrt.obl(scrlist.obs)
407  ListReadFromFile                                   isrt.obl(scrlist.obs)
408  ListSetIndex                                       isrt.obl(scrlist.obs)
409  ListValid                                          isrt.obl(scrlist.obs)
410  ListValidType                                      isrt.obl(scrlist.obs)
411  LoadStringFromStringTable                          isrt.obl(Str.obs)
412  LogReadCustomString                                isrt.obl(Misc.obs)
413  LogReadCustomVariant                               isrt.obl(Misc.obs)
414  LogWriteCustomString                               isrt.obl(Misc.obs)
415  LogWriteCustomVariant                              isrt.obl(Misc.obs)
416  LongPathFromShortPath                              isrt.obl(Str.obs)
417  LongPathToQuote                                    isrt.obl(Str.obs)
418  MAKELONG                                           isrt.obl(Misc.obs)
419  MIFCreateMIFFile                                   isrt.obl(MIF.obs)
420  MIFDeleteMIFFile                                   isrt.obl(MIF.obs)
421  MIFInitialize                                      isrt.obl(MIF.obs)
422  MIFSetInformation                                  isrt.obl(MIF.obs)
423  MIFUnInitialize                                    isrt.obl(MIF.obs)
424  MIFWasSetInformationCalled                         isrt.obl(MIF.obs)
425  MIOShutdown                                        isrt.obl(MIO.obs)
426  MIOStartup                                         isrt.obl(MIO.obs)
427  MaintenanceStart                                   isrt.obl(Registry.obs)
428  MediaGetData                                       isrt.obl(Feature.obs)
429  MediaGetDataEx                                     isrt.obl(Feature.obs)
430  MessageBeep                                        isrt.obl(Misc.obs)
431  MessageBox                                         isrt.obl(ISRTScriptDialogsPriv.obs)
432  MessageBoxEx                                       isrt.obl(ISRTScriptDialogsPriv.obs)
433  OnAbort                                            ifx.obl(EventsSetup.obs)
434  OnAppSearch                                        ifx.obl(EventsSetup.obs)
435  OnBegin                                            Setup.obs
436  OnCCPSearch                                        ifx.obl(EventsSetup.obs)
437  OnCanceling                                        ifx.obl(EventsSetup.obs)
438  OnCheckMediaPassword                               ifx.obl(EventsSetup.obs)
439  OnComponentError                                   ifx.obl(EventsSetup.obs)
440  OnCustomizeUninstInfo                              Setup.obs
441  OnDIFxLogCallback                                  ifx.obl(EventsSetup.obs)
442  OnDIFxLogCallbackImpl                              isrt.obl(ISDIFx.obs)
443  OnEnd                                              Setup.obs
444  OnFileError                                        ifx.obl(EventsSetup.obs)
445  OnFileLocked                                       ifx.obl(EventsSetup.obs)
446  OnFileReadOnly                                     ifx.obl(EventsSetup.obs)
447  OnFilterComponents                                 ifx.obl(EventsSetup.obs)
448  OnFirstUIAfter                                     Setup.obs
449  OnFirstUIBefore                                    Setup.obs
450  OnHelp                                             ifx.obl(EventsSetup.obs)
451  OnIISAppPoolUninstalling                           ifx.obl(EventsPriv.obs)
452  OnIISCheckRequirements                             ifx.obl(EventsPriv.obs)
453  OnIISComponentInstalled                            ifx.obl(EventsPriv.obs)
454  OnIISInitialize                                    ifx.obl(EventsPriv.obs)
455  OnIISUninitialize                                  ifx.obl(EventsPriv.obs)
456  OnIISVRootUninstalling                             ifx.obl(EventsPriv.obs)
457  OnIISWebServiceExtensionUninstalling               ifx.obl(EventsPriv.obs)
458  OnIISWebSiteUninstalling                           ifx.obl(EventsPriv.obs)
459  OnInstallDRMService                                isrt.obl(Activation.obs)
460  OnInstalledFile                                    ifx.obl(EventsSetup.obs)
461  OnInstalledFontFile                                ifx.obl(EventsSetup.obs)
462  OnInstallingFile                                   ifx.obl(EventsSetup.obs)
463  OnInternetError                                    ifx.obl(EventsSetup.obs)
464  OnLaunchAppAndWaitCallback                         ifx.obl(EventsSetup.obs)
465  OnMD5Error                                         ifx.obl(EventsSetup.obs)
466  OnMaintUIAfter                                     ifx.obl(EventsSetup.obs)
467  OnMaintUIBefore                                    Setup.obs
468  OnMoveData                                         ifx.obl(EventsSetup.obs)
469  OnMoved                                            Setup.obs
470  OnMoving                                           ifx.obl(EventsSetup.obs)
471  OnNetApiCreateUserAccount                          ifx.obl(EventsSetup.obs)
472  OnNetApiCreateUserAccountInternal                  isrt.obl(NetApiRT.obs)
473  OnNextDisk                                         ifx.obl(EventsSetup.obs)
474  OnRebooted                                         ifx.obl(EventsSetup.obs)
475  OnRemovingSharedFile                               ifx.obl(EventsSetup.obs)
476  OnSQLBatchScripts                                  ifx.obl(EventsPriv.obs)
477  OnSQLComponentInstalled                            ifx.obl(EventsPriv.obs)
478  OnSQLComponentUninstalled                          ifx.obl(EventsPriv.obs)
479  OnSQLServerInitialize                              ifx.obl(EventsPriv.obs)
480  OnSQLServerInitializeMaint                         ifx.obl(EventsPriv.obs)
481  OnSelfRegistrationError                            ifx.obl(EventsSetup.obs)
482  OnSetTARGETDIR                                     ifx.obl(EventsSetup.obs)
483  OnSetUpdateMode                                    ifx.obl(EventsSetup.obs)
484  OnShowUI                                           ifx.obl(EventsSetup.obs)
485  OnUnInstallDRMService                              isrt.obl(Activation.obs)
486  OnUnhandledException                               ifx.obl(EventsPriv.obs)
487  OnUninstall                                        ifx.obl(EventsSetup.obs)
488  OnUninstalledFile                                  Setup.obs
489  OnUninstallingDIFxDriverFile                       ifx.obl(EventsSetup.obs)
490  OnUninstallingFile                                 ifx.obl(EventsSetup.obs)
491  OnUninstallingFontFile                             ifx.obl(EventsSetup.obs)
492  OnUpdateUIAfter                                    ifx.obl(EventsSetup.obs)
493  OnUpdateUIBefore                                   ifx.obl(EventsSetup.obs)
494  OnXMLComponentInstalled                            ifx.obl(EventsPriv.obs)
495  OnXMLComponentUninstalling                         ifx.obl(EventsPriv.obs)
496  OnXMLInitialize                                    ifx.obl(EventsPriv.obs)
497  OnXMLUninitialize                                  ifx.obl(EventsPriv.obs)
498  OpenFileMode                                       isrt.obl(Files.obs)
499  ParsePath                                          isrt.obl(Str.obs)
500  Postprogram                                        ifx.obl(EventsSetupPriv.obs)
501  Preprogram                                         ifx.obl(EventsSetupPriv.obs)
502  PrintFile                                          isrt.obl(Files.obs)
503  PthFixPath                                         isrt.obl(Pth.obs)
504  PthIsAbsPath                                       isrt.obl(Pth.obs)
505  PthIsRoot                                          isrt.obl(Pth.obs)
506  ReadProperties                                     ifx.obl(PersistPropertyBag.obs)
507  Rebooted                                           isrt.obl(Driver.obs)
508  RegDBDeleteItem                                    isrt.obl(Registry.obs)
509  RegDBDeleteValue                                   isrt.obl(Registry.obs)
510  RegDBDeleteValueEx                                 isrt.obl(Registry.obs)
511  RegDBDeleteValueEx32                               isrt.obl(Registry.obs)
512  RegDBGetDefaultRoot                                isrt.obl(SysVars.obs)
513  RegDBGetItem                                       isrt.obl(Registry.obs)
514  RegDBGetKeyValueEx                                 isrt.obl(Registry.obs)
515  RegDBQueryKey                                      isrt.obl(Registry.obs)
516  RegDBQueryKeyCount                                 isrt.obl(Registry.obs)
517  RegDBQueryStringMultiStringCount                   isrt.obl(Registry.obs)
518  RegDBQueryValue                                    isrt.obl(Registry.obs)
519  RegDBQueryValue32                                  isrt.obl(Registry.obs)
520  RegDBSetDefaultRoot                                isrt.obl(SysVars.obs)
521  RegDBSetItem                                       isrt.obl(Registry.obs)
522  RegDBSetKeyValueEx                                 isrt.obl(Registry.obs)
523  RegDBSetValue                                      isrt.obl(Registry.obs)
524  RegDBSetValue32                                    isrt.obl(Registry.obs)
525  RegDBSetVersion                                    isrt.obl(Registry.obs)
526  RegisterFontResource                               isrt.obl(Misc.obs)
527  ReleaseDialog                                      isrt.obl(CustomDialog.obs)
528  SdAskDestPath2                                     isrt.obl(ISRTScriptDialogs.obs)
529  SdCloseDlg                                         isrt.obl(SDINT.obs)
530  SdComponentDlgCheckSpace                           isrt.obl(SDINT.obs)
531  SdDlgToTop                                         isrt.obl(SDINT.obs)
532  SdDoStdButton                                      isrt.obl(SDINT.obs)
533  SdEnablement                                       isrt.obl(SDINT.obs)
534  SdError                                            isrt.obl(SDINT.obs)
535  SdExceptionsInit                                   isrt.obl(ISRTScriptDialogsPriv.obs)
536  SdFeatureTree                                      isrt.obl(ISRTScriptDialogs.obs)
537  SdFinish                                           isrt.obl(ISRTScriptDialogs.obs)
538  SdFinishReboot                                     isrt.obl(ISRTScriptDialogs.obs)
539  SdGeneralInit                                      isrt.obl(SDINT.obs)
540  SdInit                                             isrt.obl(SDINT.obs)
541  SdIsStdButton                                      isrt.obl(SDINT.obs)
542  SdLicense2Ex                                       isrt.obl(ISRTScriptDialogs.obs)
543  SdLoadString                                       isrt.obl(SDINT.obs)
544  SdMakeName                                         isrt.obl(SDINT.obs)
545  SdPlugInProductName                                isrt.obl(SDINT.obs)
546  SdRegisterUser                                     isrt.obl(ISRTScriptDialogs.obs)
547  SdSetDlgTitle                                      isrt.obl(SDINT.obs)
548  SdSetStatic                                        isrt.obl(SDINT.obs)
549  SdShowMsg                                          isrt.obl(ISRTScriptDialogsPriv.obs)
550  SdStartCopy2                                       isrt.obl(ISRTScriptDialogs.obs)
551  SdSubstituteProductInfo                            isrt.obl(SDINT.obs)
552  SdUnInit                                           isrt.obl(SDINT.obs)
553  SdWelcome                                          isrt.obl(ISRTScriptDialogs.obs)
554  SdWelcomeMaint                                     isrt.obl(ISRTScriptDialogs.obs)
555  SelectDir                                          isrt.obl(ISRTScriptDialogsPriv.obs)
556  SelectDirNoLog                                     isrt.obl(ISRTScriptDialogsPriv.obs)
557  SendMessage                                        isrt.obl(Misc.obs)
558  ServiceInitParams                                  isrt.obl(Service.obs)
559  SetCmdLine                                         isrt.obl(SysVars.obs)
560  SetDialogTitle                                     isrt.obl(Dialogs.obs)
561  SetDisplayEffect                                   isrt.obl(ui.obs)
562  SetExtendedErrInfo                                 isrt.obl(IsUtil.obs)
563  SetStatus                                          ifx.obl(EventsSetupPriv.obs)
564  SetStatusEx                                        ifx.obl(EventsSetupPriv.obs)
565  SetStatusExStaticText                              isrt.obl(ui.obs)
566  SetStatusWindow                                    isrt.obl(ui.obs)
567  SetTitle                                           isrt.obl(ui.obs)
568  SetupTraceWrite                                    isrt.obl(Misc.obs)
569  SetupType2                                         isrt.obl(ISRTScriptDialogs.obs)
570  Shell32.ShellExecuteEx                             Setup.obs
571  ShowObjWizardPages                                 isrt.obl(Objects.obs)
572  ShowWizardPages                                    isrt.obl(Driver.obs)
573  SilentCreateFile                                   isrt.obl(Silent.obs)
574  SilentDoGeneralInfo                                isrt.obl(Silent.obs)
575  SilentFailed                                       isrt.obl(Silent.obs)
576  SilentFinish                                       isrt.obl(Silent.obs)
577  SilentInit                                         isrt.obl(Silent.obs)
578  SilentLogWriteData                                 isrt.obl(Silent.obs)
579  SilentReadData                                     isrt.obl(Silent.obs)
580  SilentSetInfo                                      isrt.obl(Silent.obs)
581  SilentSetMode                                      isrt.obl(Silent.obs)
582  SilentWriteData                                    isrt.obl(Silent.obs)
583  Sprintf                                            isrt.obl(Str.obs)
584  SprintfBox                                         isrt.obl(ISRTScriptDialogsPriv.obs)
585  StatusUpdate                                       isrt.obl(ui.obs)
586  StrAddLastSlash                                    isrt.obl(Str.obs)
587  StrConvertSizeUnit                                 isrt.obl(Str.obs)
588  StrFindEx                                          isrt.obl(Str.obs)
589  StrGetTokens                                       isrt.obl(Str.obs)
590  StrLength                                          isrt.obl(Str.obs)
591  StrRemoveLastSlash                                 isrt.obl(Str.obs)
592  StrReplace                                         isrt.obl(Str.obs)
593  StrToNumHex                                        isrt.obl(Str.obs)
594  StrToUpper                                         isrt.obl(Str.obs)
595  StrTrim                                            isrt.obl(Str.obs)
596  SysVarsInit                                        isrt.obl(SysVars.obs)
597  SysVarsTrace                                       isrt.obl(SysVars.obs)
598  SysVarsUnInit                                      isrt.obl(SysVars.obs)
599  System                                             isrt.obl(Misc.obs)
600  SystemRestoreCancelRestorePointIS                  isrt.obl(PCRestore.obs)
601  SystemRestoreCloseRestorePointIS                   isrt.obl(PCRestore.obs)
602  SystemRestoreDisableIS                             isrt.obl(PCRestore.obs)
603  SystemRestoreIsEnabledIS                           isrt.obl(PCRestore.obs)
604  SystemRestoreOpenRestorePointIS                    isrt.obl(PCRestore.obs)
605  TextSubGetValue                                    isrt.obl(TextSub.obs)
606  TextSubParseTextSub                                isrt.obl(TextSub.obs)
607  TextSubSetValue                                    isrt.obl(TextSub.obs)
608  TextSubSubstitute                                  isrt.obl(TextSub.obs)
609  TreeViewCreate                                     isrt.obl(CmptView.obs)
610  USER.EnableWindow                                  Setup.obs
611  USER.GetClassName                                  Setup.obs
612  USER.GetDC                                         Setup.obs
613  USER.GetDlgItem                                    Setup.obs
614  USER.GetFocus                                      Setup.obs
615  USER.GetWindowLong                                 Setup.obs
616  USER.GetWindowRect                                 Setup.obs
617  USER.IsIconic                                      Setup.obs
618  USER.IsWindow                                      Setup.obs
619  USER.PostMessage                                   Setup.obs
620  USER.ReleaseDC                                     Setup.obs
621  USER.SendMessageA                                  Setup.obs
622  USER.SetFocus                                      Setup.obs
623  USER.SetWindowPos                                  Setup.obs
624  USER.SetWindowText                                 Setup.obs
625  USER.ShowWindow                                    Setup.obs
626  USER32.CharUpperBuffA                              Setup.obs
627  USER32.DispatchMessage                             Setup.obs
628  USER32.GetDesktopWindow                            Setup.obs
629  USER32.GetSystemMetrics                            Setup.obs
630  USER32.GetWindowText                               Setup.obs
631  USER32.GetWindowTextLength                         Setup.obs
632  USER32.IsWindowVisible                             Setup.obs
633  USER32.MessageBoxA                                 Setup.obs
634  USER32.MsgWaitForMultipleObjects                   Setup.obs
635  USER32.PeekMessageA                                Setup.obs
636  USER32.SendMessageA                                Setup.obs
637  USER32.SetForegroundWindow                         Setup.obs
638  USER32.SetWindowLong                               Setup.obs
639  USER32.SetWindowRgn                                Setup.obs
640  USER32.TranslateMessage                            Setup.obs
641  USER32.WaitForInputIdle                            Setup.obs
642  UpdateServiceEnableUpdateService                   isrt.obl(ISUpdateService.obs)
643  VarInit                                            isrt.obl(SysVars.obs)
644  VarRestore                                         isrt.obl(SysVars.obs)
645  VarRestoreISRT                                     isrt.obl(SysVars.obs)
646  VarSave                                            isrt.obl(SysVars.obs)
647  VarSaveISRT                                        isrt.obl(SysVars.obs)
648  VerCompare                                         isrt.obl(version.obs)
649  VerProductCompareVersions                          isrt.obl(version.obs)
650  VerProductGetInstalledVersion                      isrt.obl(version.obs)
651  VerProductIsVersionSupported                       isrt.obl(version.obs)
652  VerProductNumToStr                                 isrt.obl(version.obs)
653  VerProductStrToNum                                 isrt.obl(version.obs)
654  VerProductVerFromVerParts                          isrt.obl(version.obs)
655  VerProductVerPartsFromVer                          isrt.obl(version.obs)
656  WaitForApplication                                 isrt.obl(Extend.obs)
657  WaitOnDialog                                       isrt.obl(CustomDialog.obs)
658  WizardDirection                                    ifx.obl(EventsSetupPriv.obs)
659  WriteLine                                          isrt.obl(Files.obs)
660  WriteProfInt                                       isrt.obl(Profile.obs)
661  WriteProfString                                    isrt.obl(Profile.obs)
662  WriteProperties                                    ifx.obl(PersistPropertyBag.obs)
663  __ISRTDoExit                                       isrt.obl(Misc.obs)
664  __ISRTInit                                         isrt.obl(ISRTInit.obs)
665  __ISRTRestoreMainLog                               isrt.obl(ISRTInit.obs)
666  __ISRTRestoreMainLogEx                             isrt.obl(ISRTInit.obs)
667  __ISRTSetComponentLog                              isrt.obl(ISRTInit.obs)
668  __ISRTUnInit                                       isrt.obl(ISRTInit.obs)
669  __LoadIScriptString                                isrt.obl(LoadStr.obs)
670  program                                            ifx.obl(EventsSetupPriv.obs)
671  sfc.SRSetRestorePoint                              Setup.obs


***** External Variables *****
1    ADDREMOVE                                          isrt.obl(DebugSymbols.obs)
2    ADDREMOVE_COMBINEDBUTTON                           Setup.obs
3    ADDREMOVE_HIDECHANGEOPTION                         Setup.obs
4    ADDREMOVE_HIDEREMOVEOPTION                         Setup.obs
5    ADDREMOVE_HIDEREPAIROPTION                         Setup.obs
6    ADDREMOVE_STRING_REMOVEONLY                        Setup.obs
7    ADDREMOVE_SYSTEMCOMPONENT                          Setup.obs
8    ADMINUSER                                          Setup.obs
9    ALLUSERS                                           Setup.obs
10   BASICMSI                                           isrt.obl(DebugSymbols.obs)
11   BATCH_INSTALL                                      Setup.obs
12   CMDLINE                                            isrt.obl(DebugSymbols.obs)
13   COMMONFILES                                        isrt.obl(DebugSymbols.obs)
14   COMMONFILES64                                      isrt.obl(DebugSymbols.obs)
15   DISABLE_ALLUSERBTN                                 Setup.obs
16   DISABLE_PERUSERBTN                                 Setup.obs
17   DISK1SETUPEXENAME                                  isrt.obl(DebugSymbols.obs)
18   DISK1TARGET                                        Setup.obs
19   ENABLED_ISERVICES                                  isrt.obl(DebugSymbols.obs)
20   ENGINECOMMONDIR                                    isrt.obl(DebugSymbols.obs)
21   ENGINEDIR                                          isrt.obl(DebugSymbols.obs)
22   ERRORFILENAME                                      Setup.obs
23   Err                                                Setup.obs
24   FILETIME                                           Setup.obs
25   FIND_DATA                                          Setup.obs
26   FOLDER_APPDATA                                     isrt.obl(DebugSymbols.obs)
27   FOLDER_COMMON_APPDATA                              isrt.obl(DebugSymbols.obs)
28   FOLDER_DESKTOP                                     isrt.obl(DebugSymbols.obs)
29   FOLDER_DOTNET_10                                   isrt.obl(DebugSymbols.obs)
30   FOLDER_DOTNET_11                                   isrt.obl(DebugSymbols.obs)
31   FOLDER_DOTNET_20                                   isrt.obl(DebugSymbols.obs)
32   FOLDER_DOTNET_30                                   isrt.obl(DebugSymbols.obs)
33   FOLDER_DOTNET_35                                   isrt.obl(DebugSymbols.obs)
34   FOLDER_FONTS                                       isrt.obl(DebugSymbols.obs)
35   FOLDER_LOCAL_APPDATA                               isrt.obl(DebugSymbols.obs)
36   FOLDER_PERSONAL                                    isrt.obl(DebugSymbols.obs)
37   FOLDER_PROGRAMS                                    isrt.obl(DebugSymbols.obs)
38   FOLDER_STARTMENU                                   isrt.obl(DebugSymbols.obs)
39   FOLDER_STARTUP                                     isrt.obl(DebugSymbols.obs)
40   FOLDER_TEMP                                        isrt.obl(DebugSymbols.obs)
41   FileRegistrar                                      Setup.obs
42   HIDE_DISABLED_BTNS                                 Setup.obs
43   HKEYCURRENTROOTKEY                                 Setup.obs
44   IFX_COMPANY_NAME                                   Setup.obs
45   IFX_DISK1INSTALLED                                 Setup.obs
46   IFX_INITIALIZED                                    Setup.obs
47   IFX_INSTALLED_DISPLAY_VERSION                      Setup.obs
48   IFX_INSTALLED_VERSION                              Setup.obs
49   IFX_KEYPATH_PRODUCT_INFO                           Setup.obs
50   IFX_MULTI_INSTANCE_SUFFIX                          Setup.obs
51   IFX_OPEN_RESTORE_POINT                             isrt.obl(PCRestore.obs)
52   IFX_PRODUCT_COMMENTS                               Setup.obs
53   IFX_PRODUCT_DISPLAY_NAME                           Setup.obs
54   IFX_PRODUCT_DISPLAY_VERSION                        Setup.obs
55   IFX_PRODUCT_ICON                                   Setup.obs
56   IFX_PRODUCT_KEY                                    Setup.obs
57   IFX_PRODUCT_NAME                                   Setup.obs
58   IFX_PRODUCT_README                                 Setup.obs
59   IFX_PRODUCT_REGISTEREDCOMPANY                      Setup.obs
60   IFX_PRODUCT_REGISTEREDOWNER                        Setup.obs
61   IFX_PRODUCT_REGISTEREDSERIALNUM                    Setup.obs
62   IFX_PRODUCT_SUPPORT_CONTACT                        Setup.obs
63   IFX_PRODUCT_SUPPORT_PHONE                          Setup.obs
64   IFX_PRODUCT_SUPPORT_URL                            Setup.obs
65   IFX_PRODUCT_UPDATE_URL                             Setup.obs
66   IFX_PRODUCT_URL                                    Setup.obs
67   IFX_PRODUCT_VERSION                                Setup.obs
68   IFX_RESTORE_DISABLED                               isrt.obl(PCRestore.obs)
69   IFX_SETUP_TITLE                                    Setup.obs
70   IFX_SUPPORTED_VERSIONS                             Setup.obs
71   IISROOTFOLDER                                      isrt.obl(DebugSymbols.obs)
72   INSTALLSCRIPTMSI                                   isrt.obl(DebugSymbols.obs)
73   INSTALLSCRIPTMSIEEUI                               isrt.obl(DebugSymbols.obs)
74   INSTANCE_GUID                                      isrt.obl(DebugSymbols.obs)
75   ISDIFXAPPID                                        Setup.obs
76   ISRES                                              isrt.obl(DebugSymbols.obs)
77   ISUSER                                             isrt.obl(DebugSymbols.obs)
78   ISUTIL_FUNCTION_ACTUAL_ERROR                       Setup.obs
79   ISUTIL_LINE_NUMBER                                 Setup.obs
80   ISUTIL_SCRIPT_FILE                                 Setup.obs
81   ISVERSION                                          isrt.obl(DebugSymbols.obs)
82   IS_NULLSTR_PTR                                     Setup.obs
83   InetSRCDIR                                         Setup.obs
84   LAAW_PARAMETERS                                    Setup.obs
85   LAAW_PROCESS_INFORMATION                           Setup.obs
86   LAAW_SHELLEXECUTEINFO                              Setup.obs
87   LAAW_SHELLEXECUTEVERB                              Setup.obs
88   LAAW_STARTUPINFO                                   Setup.obs
89   LAST_RESULT                                        Setup.obs
90   LogDB                                              Setup.obs
91   MAINTENANCE                                        isrt.obl(DebugSymbols.obs)
92   MAINT_OPTION                                       isrt.obl(DebugSymbols.obs)
93   MEDIA                                              Setup.obs
94   MEDIA_INFO                                         isrt.obl(Feature.obs)
95   MODE                                               Setup.obs
96   MSG                                                Setup.obs
97   MULTI_INSTANCE_COUNT                               isrt.obl(DebugSymbols.obs)
98   MainWindow                                         Setup.obs
99   NOTHING                                            Setup.obs
100  OSINFO_PLATFORM_INFO                               Setup.obs
101  OSINFO_PROCESSOR_INFO                              Setup.obs
102  OSVERSIONINFO                                      Setup.obs
103  OSVERSIONINFOEX                                    Setup.obs
104  Objects                                            Setup.obs
105  PACKAGE_LOCATION                                   isrt.obl(DebugSymbols.obs)
106  POINT                                              Setup.obs
107  PRIVILEGED                                         Setup.obs
108  PROCESS_INFORMATION                                Setup.obs
109  PRODUCT_GUID                                       isrt.obl(DebugSymbols.obs)
110  PROGRAMFILES                                       isrt.obl(DebugSymbols.obs)
111  PROGRAMFILES64                                     isrt.obl(DebugSymbols.obs)
112  RECT                                               Setup.obs
113  REGDB_OPTIONS                                      Setup.obs
114  REINSTALLMODE                                      isrt.obl(DebugSymbols.obs)
115  REMOVEALLMODE                                      isrt.obl(DebugSymbols.obs)
116  REMOVEONLY                                         isrt.obl(DebugSymbols.obs)
117  RUN_ONCE_PROGRAM                                   isrt.obl(DebugSymbols.obs)
118  Reboot                                             Setup.obs
119  SELECTED_LANGUAGE                                  isrt.obl(DebugSymbols.obs)
120  SERVICE_IS_PARAMS                                  Setup.obs
121  SETUPTYPE_STR_COMPACT                              Setup.obs
122  SETUPTYPE_STR_COMPLETE                             Setup.obs
123  SETUPTYPE_STR_CUSTOM                               Setup.obs
124  SETUPTYPE_STR_TYPICAL                              Setup.obs
125  SHAREDSUPPORTDIR                                   isrt.obl(DebugSymbols.obs)
126  SHELLEXECUTEINFO                                   Setup.obs
127  SHELL_OBJECT_FOLDER                                Setup.obs
128  SHOW_PASSWORD_DIALOG                               isrt.obl(DebugSymbols.obs)
129  SRCDIR                                             Setup.obs
130  SRCDISK                                            isrt.obl(DebugSymbols.obs)
131  STANDARD_SELECTED_LANGUAGE                         isrt.obl(DebugSymbols.obs)
132  STARTUPINFO                                        Setup.obs
133  SUPPORTDIR                                         isrt.obl(DebugSymbols.obs)
134  SYSINFO                                            Setup.obs
135  SYSPROCESSORINFO                                   Setup.obs
136  SYSTEMTIME                                         Setup.obs
137  SetupInfo                                          Setup.obs
138  StatusDlg                                          Setup.obs
139  TARGETDIR                                          Setup.obs
140  TARGETDISK                                         isrt.obl(DebugSymbols.obs)
141  TextSub                                            Setup.obs
142  UNINST                                             Setup.obs
143  UNINSTALLKEY                                       Setup.obs
144  UNINSTALL_DISPLAYNAME                              Setup.obs
145  UNINSTALL_STRING                                   Setup.obs
146  UPDATEMODE                                         Setup.obs
147  WINDIR                                             isrt.obl(DebugSymbols.obs)
148  WINDISK                                            isrt.obl(DebugSymbols.obs)
149  WINSYSDIR                                          isrt.obl(DebugSymbols.obs)
150  WINSYSDIR64                                        isrt.obl(DebugSymbols.obs)
151  WINSYSDISK                                         isrt.obl(DebugSymbols.obs)
152  _FONTFILEINFO                                      Setup.obs
153  _INT64                                             Setup.obs
154  _ISDIFXINSTALLERINFO                               isrt.obl(ISDIFx.obs)
155  _LAAW_PARAMETERS                                   Setup.obs
156  _LAAW_TEMP_DATA                                    isrt.obl(Extend.obs)
157  _RESTOREPOINTINFO                                  Setup.obs
158  _SERVICE_IS_PARAMS                                 Setup.obs
159  _STATEMGRSTATUS                                    Setup.obs
160  _WIN9X                                             Setup.obs
161  _WINNT                                             Setup.obs
162  __hContext                                         Setup.obs
163  __objGlobalTextSub                                 Setup.obs
164  __szGUID                                           Setup.obs
165  bBackButton                                        Setup.obs
166  bCancelButton                                      Setup.obs
167  bEnterDiskBeep                                     Setup.obs
168  bFinishButton                                      Setup.obs
169  bIFXLFNoToAll                                      Setup.obs
170  bIFXLFOnRebootToAll                                Setup.obs
171  bIFXLFYesToAll                                     Setup.obs
172  bIFXMD5IgnoreToAll                                 Setup.obs
173  bIFXRONoToAll                                      Setup.obs
174  bIFXROYesToAll                                     Setup.obs
175  bIFXSFNoToAll                                      Setup.obs
176  bIFXSFYesToAll                                     Setup.obs
177  bInstall16                                         Setup.obs
178  bNextButton                                        Setup.obs
179  bSdInit                                            Setup.obs
180  bViewCmptKunits                                    Setup.obs
181  bViewCmptUseDecimal                                Setup.obs
182  g_bSuppressMissingStringWarning                    isrt.obl(Enable.obs)
183  nDlgEnterPassword                                  Setup.obs
184  nDlgMessageBox                                     Setup.obs
185  nDlgSelectDir                                      Setup.obs
186  nDlgSetupType2                                     Setup.obs
187  nDlgSprintfBox                                     Setup.obs
188  nSdAskDestPath2                                    Setup.obs
189  nSdComponentTree                                   Setup.obs
190  nSdFinish                                          Setup.obs
191  nSdFinishReboot                                    Setup.obs
192  nSdLicense2                                        Setup.obs
193  nSdLicense2Rtf                                     Setup.obs
194  nSdRegisterUser                                    Setup.obs
195  nSdStartCopy2                                      Setup.obs
196  nSdWelcome                                         Setup.obs
197  nSdWelcomeMaint                                    Setup.obs
198  szAppKey                                           Setup.obs
199  szSdProduct                                        Setup.obs
200  szSdStr_NotEnoughSpace                             Setup.obs
